// Jest Snapshot v1, https://goo.gl/fbAQLP

exports[`screen/Profile renders correctly 1`] = `
<View
  style={
    Object {
      "backgroundColor": "#fff",
      "flex": 1,
    }
  }
>
  <View
    style={
      Object {
        "flexDirection": "row",
        "justifyContent": "center",
        "marginBottom": 50,
        "marginTop": 50,
      }
    }
  >
    <View
      style={
        Array [
          Object {
            "backgroundColor": "transparent",
            "height": 75,
            "paddingBottom": 10,
            "paddingRight": 10,
            "paddingTop": 10,
            "width": 75,
          },
          Object {
            "borderRadius": 37.5,
          },
          undefined,
        ]
      }
    >
      <View
        style={
          Array [
            Object {
              "alignItems": "center",
              "alignSelf": "stretch",
              "backgroundColor": "rgba(0,0,0,0.2)",
              "bottom": 0,
              "flex": 1,
              "justifyContent": "center",
              "left": 0,
              "position": "absolute",
              "right": 0,
              "top": 0,
            },
            Object {
              "borderRadius": 37.5,
            },
            undefined,
          ]
        }
      >
        <Image
          source={
            Object {
              "uri": "test_profileUrl",
            }
          }
          style={
            Array [
              Object {
                "height": 75,
                "width": 75,
              },
              Object {
                "borderRadius": 37.5,
              },
              undefined,
            ]
          }
        />
      </View>
    </View>
  </View>
  <View
    style={
      Array [
        Object {},
        undefined,
      ]
    }
  >
    <Text
      style={
        Array [
          Object {},
          undefined,
          undefined,
          undefined,
          undefined,
          undefined,
          undefined,
          undefined,
          undefined,
          undefined,
          Array [
            Object {
              "color": "#86939e",
              "fontSize": 15,
              "fontWeight": "bold",
              "marginBottom": 1,
              "marginLeft": 20,
              "marginRight": 20,
              "marginTop": 15,
            },
            Array [
              Object {
                "marginLeft": 14,
                "marginRight": 14,
              },
              Object {
                "fontSize": 13,
                "fontWeight": "400",
                "marginTop": 20,
              },
            ],
            undefined,
          ],
        ]
      }
    >
      Nickname
    </Text>
  </View>
  <View
    style={
      Object {
        "borderBottomColor": "#bdc6cf",
        "borderBottomWidth": 1,
        "marginLeft": 14,
        "marginRight": 14,
        "transform": Array [
          Object {
            "translateX": 0,
          },
        ],
      }
    }
  >
    <TextInput
      allowFontScaling={true}
      maxLength={12}
      onChangeText={[Function]}
      rejectResponderTermination={true}
      selectionColor="#000"
      style={
        Array [
          Object {
            "color": "#86939e",
            "minHeight": 36,
            "width": 750,
          },
          Object {
            "fontSize": 17.5,
          },
          Object {
            "color": "#000",
          },
        ]
      }
      underlineColorAndroid="transparent"
      value="test_nickname"
    />
  </View>
  <View
    style={
      Array [
        Object {},
        undefined,
      ]
    }
  >
    <Text
      style={
        Array [
          Object {},
          undefined,
          undefined,
          undefined,
          undefined,
          undefined,
          undefined,
          undefined,
          undefined,
          undefined,
          Array [
            Object {
              "color": "#ff190c",
              "fontSize": 15,
              "marginBottom": 1,
              "marginLeft": 20,
              "marginRight": 20,
              "marginTop": 5,
            },
            Object {
              "marginLeft": 14,
            },
            undefined,
          ],
        ]
      }
    >
      
    </Text>
  </View>
</View>
`;
