// Jest Snapshot v1, https://goo.gl/fbAQLP

exports[`action/invite fetchUsers 1`] = `
Object {
  "payload": Object {
    "users": Array [
      Object {
        "nickname": "test",
      },
      Object {
        "nickname": "test 2",
      },
    ],
  },
  "type": "user-fetch",
}
`;
